# Test to add two nodes to a graph

# Create a graph
created graph graph2

# Add two nodes
added node node1 to graph2
added node node2 to graph2

# Print all nodes in graph
graph2 contains: node1 node2
the children of node1 in graph2 are:
the children of node2 in graph2 are: