# Test Marvel parser can load an empty graph

loaded graph emptyGraph

emptyGraph contains: