# Test Marvel parser to load StaffSuperHeroes.tsv correctly

loaded graph staffHeroes

staffHeroes contains: Ernst-the-Bicycling-Wizard Grossman-the-Youngest-of-them-all Notkin-of-the-Superhuman-Beard Perkins-the-Magical-Singing-Instructor
the children of Ernst-the-Bicycling-Wizard in staffHeroes are: Grossman-the-Youngest-of-them-all(CSE331) Notkin-of-the-Superhuman-Beard(CSE331) Notkin-of-the-Superhuman-Beard(CSE403) Perkins-the-Magical-Singing-Instructor(CSE331)
the children of Grossman-the-Youngest-of-them-all in staffHeroes are: Ernst-the-Bicycling-Wizard(CSE331) Notkin-of-the-Superhuman-Beard(CSE331) Perkins-the-Magical-Singing-Instructor(CSE331)
the children of Notkin-of-the-Superhuman-Beard in staffHeroes are: Ernst-the-Bicycling-Wizard(CSE331) Ernst-the-Bicycling-Wizard(CSE403) Grossman-the-Youngest-of-them-all(CSE331) Perkins-the-Magical-Singing-Instructor(CSE331)
the children of Perkins-the-Magical-Singing-Instructor in staffHeroes are: Ernst-the-Bicycling-Wizard(CSE331) Grossman-the-Youngest-of-them-all(CSE331) Notkin-of-the-Superhuman-Beard(CSE331)



