# Test output with unknown input nodes

created graph graph

added node A to graph

unknown node B
unknown node C