# Test Dijkstra's Algorithm in a one node path

created graph path

added node A to path

path from A to A:
total cost: 0.000